[17:34:37] runner 9864@173437 up. interpreter: C:\Users\Bisen\Desktop\Gray\.venv\Scripts\python.exe
[17:34:37] queue: progress\queue.json
[17:34:38] paused - not taking new jobs
[17:34:50] j0210  Gray-Walk  python scripts/train.py Gray-Walk --num-envs 5000 --iterations 5500 --name L1_1301 --seed 1301 --mixed-ground --payload-kg 1.0 --init-from 2026-08-06_04-43-00_gc_1301
[17:34:55] j0210  -> progress/runs/2026-08-06_17-34-55_L1_1301
[17:39:33] j0210  FAILED (exit 4294967295)
[17:39:33] paused - not taking new jobs
[17:39:45] j0213  Gray-Walk  python scripts/train.py Gray-Walk --num-envs 5000 --iterations 5500 --name L1_1301 --no-video --seed 1301 --mixed-ground --payload-kg 1.0 --init-from 2026-08-06_04-43-00_gc_1301
[17:39:50] j0213  -> progress/runs/2026-08-06_17-39-50_L1_1301
[23:01:04] j0213  verify exited 1 - training kept, the bar was not met or could not be read
[23:01:04] j0213  done
[23:01:05] paused - not taking new jobs
[01:59:07] j0214  Gray-Walk  python scripts/train.py Gray-Walk --num-envs 5000 --iterations 5500 --name L2_4507 --no-video --seed 4507 --mixed-ground --payload-kg 1.0 --init-from 2026-08-06_05-34-25_gc_4507
[01:59:12] j0214  -> progress/runs/2026-08-07_01-59-12_L2_4507
[01:59:48] train: cancelled from the dashboard
[01:59:50] j0214  cancelled
[01:59:50] j0216  Gray-Walk  python scripts/train.py Gray-Walk --num-envs 5000 --iterations 500 --name A1_flat_1301 --no-video --seed 1301 --init-from 2026-08-06_17-39-50_L1_1301
[01:59:55] j0216  -> progress/runs/2026-08-07_01-59-55_A1_flat_1301
[02:14:41] j0216  verify exited 1 - training kept, the bar was not met or could not be read
[02:14:41] j0216  done
[02:14:41] idle - 0 queued
[02:41:14] runner 19768@024114 up. interpreter: C:\Users\Bisen\Desktop\Gray\.venv\Scripts\python.exe
[02:41:14] queue: progress\queue.json
[02:41:14] j0217  Gray-Walk  python scripts/train.py Gray-Walk --num-envs 5000 --iterations 500 --name A2_even_1301 --no-video --seed 1301 --init-from 2026-08-07_01-59-55_A1_flat_1301
[02:41:19] j0217  -> progress/runs/2026-08-07_02-41-19_A2_even_1301
[02:56:23] j0217  verify exited 1 - training kept, the bar was not met or could not be read
[02:56:37] j0217  done
[02:56:37] idle - 0 queued
[02:57:35] j0218  Gray-Walk  python scripts/train.py Gray-Walk --num-envs 5000 --iterations 500 --name A3_diag_1301 --no-video --seed 1301 --init-from 2026-08-07_01-59-55_A1_flat_1301
[02:57:41] j0218  -> progress/runs/2026-08-07_02-57-40_A3_diag_1301
[03:19:44] j0218  verify exited 1 - training kept, the bar was not met or could not be read
[03:20:03] j0218  done
[03:20:03] idle - 0 queued
[04:01:51] j0219  Gray-Walk  python scripts/train.py Gray-Walk --num-envs 5000 --iterations 500 --name A4_even3_1301 --no-video --seed 1301 --init-from 2026-08-07_02-57-40_A3_diag_1301
[04:01:56] j0219  -> progress/runs/2026-08-07_04-01-56_A4_even3_1301
[04:17:04] j0219  verify exited 1 - training kept, the bar was not met or could not be read
[04:17:22] j0219  done
[04:17:22] idle - 0 queued
